---
source: tests/snapshot/handshake_snapshots.rs
expression: message
---
ClientHello(
    ClientHello {
        legacy_version: ProtocolVersion {
            major: 3,
            minor: 3,
        },
        random: [
            1,
            2,
            3,
            4,
            5,
            6,
            7,
            8,
            9,
            10,
            11,
            12,
            13,
            14,
            15,
            16,
            17,
            18,
            19,
            20,
            21,
            22,
            23,
            24,
            25,
            26,
            27,
            28,
            29,
            30,
            31,
            32,
        ],
        legacy_session_id: [
            48,
            49,
            50,
            51,
            52,
            53,
            54,
            55,
            56,
            57,
            58,
            59,
            60,
            61,
            62,
            63,
        ],
        cipher_suites: [
            19,
            1,
            19,
            2,
            19,
            3,
        ],
        legacy_compression_methods: [
            0,
        ],
        extensions: [],
    },
)
